// Jest Snapshot v1, https://goo.gl/fbAQLP

exports[`Anlassgebundenesfreigebaeck should take and compare a snapshot 1`] = `
<div>
  <v-progress-circular indeterminate=""></v-progress-circular>
</div>
`;
